******************************************************************************
                  MSP430 Linker PC v4.1.5                      
******************************************************************************
>> Linked Mon Dec 07 16:27:28 2015

OUTPUT FILE NAME:   <SOYEA_PJT.out>
ENTRY POINT SYMBOL: "_c_int00"  address: 0000db76


MEMORY CONFIGURATION

         name            origin    length      used     unused   attr    fill
----------------------  --------  ---------  --------  --------  ----  --------
  SFR                   00000000   00000010  00000000  00000010  RWIX
  PERIPHERALS_8BIT      00000010   000000f0  00000000  000000f0  RWIX
  PERIPHERALS_16BIT     00000100   00000100  00000000  00000100  RWIX
  RAM                   00000200   00000200  000000c3  0000013d  RWIX
  INFOD                 00001000   00000040  00000000  00000040  RWIX
  INFOC                 00001040   00000040  00000000  00000040  RWIX
  INFOB                 00001080   00000040  00000000  00000040  RWIX
  INFOA                 000010c0   00000040  00000000  00000040  RWIX
  FLASH                 0000c000   00003fe0  00001c6a  00002376  RWIX
  INT00                 0000ffe0   00000002  00000000  00000002  RWIX
  INT01                 0000ffe2   00000002  00000000  00000002  RWIX
  INT02                 0000ffe4   00000002  00000000  00000002  RWIX
  INT03                 0000ffe6   00000002  00000000  00000002  RWIX
  INT04                 0000ffe8   00000002  00000000  00000002  RWIX
  INT05                 0000ffea   00000002  00000000  00000002  RWIX
  INT06                 0000ffec   00000002  00000000  00000002  RWIX
  INT07                 0000ffee   00000002  00000000  00000002  RWIX
  INT08                 0000fff0   00000002  00000000  00000002  RWIX
  INT09                 0000fff2   00000002  00000002  00000000  RWIX
  INT10                 0000fff4   00000002  00000000  00000002  RWIX
  INT11                 0000fff6   00000002  00000000  00000002  RWIX
  INT12                 0000fff8   00000002  00000000  00000002  RWIX
  INT13                 0000fffa   00000002  00000000  00000002  RWIX
  INT14                 0000fffc   00000002  00000000  00000002  RWIX
  RESET                 0000fffe   00000002  00000002  00000000  RWIX


SECTION ALLOCATION MAP

 output                                  attributes/
section   page    origin      length       input sections
--------  ----  ----------  ----------   ----------------
.init_array 
*          0    0000c000    00000000     UNINITIALIZED

.bss       0    00000200    0000005e     UNINITIALIZED
                  00000200    0000005e     main.obj (.bss)

.TI.noinit 
*          0    00000200    00000000     UNINITIALIZED

.data      0    0000025e    00000015     
                  0000025e    00000010     main.obj (.data)
                  0000026e    00000005     main.obj (.data:digi)

.TI.persistent 
*          0    0000025e    00000000     UNINITIALIZED

.stack     0    000003b0    00000050     UNINITIALIZED
                  000003b0    00000002     rts430_eabi.lib : boot.obj (.stack)
                  000003b2    0000004e     --HOLE--

.text      0    0000c000    00001c4a     
                  0000c000    0000154e     main.obj (.text:main)
                  0000d54e    00000168     main.obj (.text:countS2)
                  0000d6b6    0000005e     main.obj (.text:Multiple_Read_HMC5883)
                  0000d714    0000005e     rts430_eabi.lib : copy_decompress_rle.obj (.text:__TI_decompress_rle_core)
                  0000d772    0000005e                     : autoinit.obj (.text:_auto_init)
                  0000d7d0    00000058                     : div32u.obj (.text)
                  0000d828    00000046     main.obj (.text:HMC5883_RecvByte)
                  0000d86e    00000042     main.obj (.text:HMC5883_SendByte)
                  0000d8b0    00000042     main.obj (.text:Set_G_S)
                  0000d8f2    00000040     rts430_eabi.lib : div32s.obj (.text)
                  0000d932    0000003a     main.obj (.text:init_devices)
                  0000d96c    00000034     main.obj (.text:setxyz0)
                  0000d9a0    0000002c     rts430_eabi.lib : div16s.obj (.text)
                  0000d9cc    0000002c                     : lsl16.obj (.text)
                  0000d9f8    0000002a     main.obj (.text:HMC5883_RecvACK)
                  0000da22    0000002a     main.obj (.text:uart_init)
                  0000da4c    00000028     main.obj (.text:HMC5883_Start)
                  0000da74    00000026     main.obj (.text:Init_state)
                  0000da9a    00000022     main.obj (.text:HMC5883_SendACK0)
                  0000dabc    00000022     main.obj (.text:HMC5883_SendACK1)
                  0000dade    00000022     main.obj (.text:HMC5883_Stop)
                  0000db00    00000020     main.obj (.text:Single_Write_HMC5883)
                  0000db20    0000001e     main.obj (.text:Init_HMC5883)
                  0000db3e    0000001c     main.obj (.text:Timer0_A0)
                  0000db5a    0000001c     main.obj (.text:port_init)
                  0000db76    0000001a     rts430_eabi.lib : boot.obj (.text:_c_int00_noexit)
                  0000db90    00000016                     : div16u.obj (.text)
                  0000dba6    00000014                     : copy_zero_init.obj (.text:decompress:ZI:__TI_zero_init)
                  0000dbba    00000014                     : mult16.obj (.text)
                  0000dbce    00000014     main.obj (.text:timer0_init)
                  0000dbe2    00000012     rts430_eabi.lib : copy_decompress_none.obj (.text:decompress:none:__TI_decompress_none)
                  0000dbf4    00000012                     : memcpy.obj (.text:memcpy)
                  0000dc06    00000010     main.obj (.text:absu)
                  0000dc16    00000010     rts430_eabi.lib : epilog.obj (.text)
                  0000dc26    0000000e     main.obj (.text:d)
                  0000dc34    00000008     main.obj (.text:Delay5us)
                  0000dc3c    00000006     rts430_eabi.lib : copy_decompress_rle.obj (.text:decompress:rle24:__TI_decompress_rle24)
                  0000dc42    00000004                     : pre_init.obj (.text:_system_pre_init)
                  0000dc46    00000004                     : exit.obj (.text:abort)

.cinit     0    0000dc4a    00000020     
                  0000dc4a    0000000d     (.cinit..data.load) [load image, compression = rle]
                  0000dc57    00000001     --HOLE-- [fill = 0]
                  0000dc58    00000006     (__TI_handler_table)
                  0000dc5e    00000004     (.cinit..bss.load) [load image, compression = zero_init]
                  0000dc62    00000008     (__TI_cinit_table)

TIMER0_A0 
*          0    0000fff2    00000002     
                  0000fff2    00000002     main.obj (.int09)

.reset     0    0000fffe    00000002     
                  0000fffe    00000002     rts430_eabi.lib : boot.obj (.reset)


LINKER GENERATED COPY TABLES

__TI_cinit_table @ 0000dc62 records: 2, size/record: 4, table size: 8
	.data: load addr=0000dc4a, load size=0000000d bytes, run addr=0000025e, run size=00000015 bytes, compression=rle
	.bss: load addr=0000dc5e, load size=00000004 bytes, run addr=00000200, run size=0000005e bytes, compression=zero_init


LINKER GENERATED HANDLER TABLE

__TI_handler_table @ 0000dc58 records: 3, size/record: 2, table size: 6
	index: 0, handler: __TI_zero_init
	index: 1, handler: __TI_decompress_rle24
	index: 2, handler: __TI_decompress_none


GLOBAL SYMBOLS: SORTED ALPHABETICALLY BY Name 

address    name
--------   ----
0000004a   ADC10AE0
000001b0   ADC10CTL0
000001b2   ADC10CTL1
00000048   ADC10DTC0
00000049   ADC10DTC1
000001b4   ADC10MEM
000001bc   ADC10SA
00000057   BCSCTL1
00000058   BCSCTL2
00000053   BCSCTL3
00000200   BUF
0000dc46   C$$EXIT
00000059   CACTL1
0000005a   CACTL2
000010fb   CALBC1_12MHZ
000010f9   CALBC1_16MHZ
000010ff   CALBC1_1MHZ
000010fd   CALBC1_8MHZ
000010fa   CALDCO_12MHZ
000010f8   CALDCO_16MHZ
000010fe   CALDCO_1MHZ
000010fc   CALDCO_8MHZ
0000005b   CAPD
00000056   DCOCTL
0000dc34   Delay5us
00000128   FCTL1
0000012a   FCTL2
0000012c   FCTL3
00000266   G0
0000d9f8   HMC5883_RecvACK
0000d828   HMC5883_RecvByte
0000da9a   HMC5883_SendACK0
0000dabc   HMC5883_SendACK1
0000d86e   HMC5883_SendByte
0000da4c   HMC5883_Start
0000dade   HMC5883_Stop
00000000   IE1
00000001   IE2
00000002   IFG1
00000003   IFG2
0000db20   Init_HMC5883
0000da74   Init_state
0000d6b6   Multiple_Read_HMC5883
00000022   P1DIR
00000025   P1IE
00000024   P1IES
00000023   P1IFG
00000020   P1IN
00000021   P1OUT
00000027   P1REN
00000026   P1SEL
00000041   P1SEL2
0000002a   P2DIR
0000002d   P2IE
0000002c   P2IES
0000002b   P2IFG
00000028   P2IN
00000029   P2OUT
0000002f   P2REN
0000002e   P2SEL
00000042   P2SEL2
0000001a   P3DIR
00000018   P3IN
00000019   P3OUT
00000010   P3REN
0000001b   P3SEL
00000043   P3SEL2
00000268   S0
00000264   S2
00000252   S2xyz
0000d8b0   Set_G_S
0000db00   Single_Write_HMC5883
00000172   TA0CCR0
00000174   TA0CCR1
00000176   TA0CCR2
00000162   TA0CCTL0
00000164   TA0CCTL1
00000166   TA0CCTL2
00000160   TA0CTL
0000012e   TA0IV
00000170   TA0R
00000192   TA1CCR0
00000194   TA1CCR1
00000196   TA1CCR2
00000182   TA1CCTL0
00000184   TA1CCTL1
00000186   TA1CCTL2
00000180   TA1CTL
0000011e   TA1IV
00000190   TA1R
0000db3e   Timer0_A0
0000005d   UCA0ABCTL
00000062   UCA0BR0
00000063   UCA0BR1
00000060   UCA0CTL0
00000061   UCA0CTL1
0000005f   UCA0IRRCTL
0000005e   UCA0IRTCTL
00000064   UCA0MCTL
00000066   UCA0RXBUF
00000065   UCA0STAT
00000067   UCA0TXBUF
0000006a   UCB0BR0
0000006b   UCB0BR1
00000068   UCB0CTL0
00000069   UCB0CTL1
0000006c   UCB0I2CIE
00000118   UCB0I2COA
0000011a   UCB0I2CSA
0000006e   UCB0RXBUF
0000006d   UCB0STAT
0000006f   UCB0TXBUF
0000026a   V_T
00000120   WDTCTL
00000400   __STACK_END
00000050   __STACK_SIZE
0000dc62   __TI_CINIT_Base
0000dc6a   __TI_CINIT_Limit
0000dc58   __TI_Handler_Table_Base
0000dc5e   __TI_Handler_Table_Limit
UNDEFED    __TI_INITARRAY_Base
UNDEFED    __TI_INITARRAY_Limit
00000001   __TI_args_main
0000dbe2   __TI_decompress_none
0000dc3c   __TI_decompress_rle24
00000001   __TI_exit
0000dba6   __TI_zero_init
ffffffff   __binit__
ffffffff   __c_args__
0000d9a0   __mspabi_divi
0000d8f2   __mspabi_divli
0000db90   __mspabi_divu
0000d7d0   __mspabi_divul
0000dc22   __mspabi_func_epilog_1
0000dc20   __mspabi_func_epilog_2
0000dc1e   __mspabi_func_epilog_3
0000dc1c   __mspabi_func_epilog_4
0000dc1a   __mspabi_func_epilog_5
0000dc18   __mspabi_func_epilog_6
0000dc16   __mspabi_func_epilog_7
0000dbba   __mspabi_mpyi
0000d9a0   __mspabi_remi
0000d8f2   __mspabi_remli
0000db90   __mspabi_remu
0000d7d0   __mspabi_remul
0000d9cc   __mspabi_slli
0000d9f4   __mspabi_slli_1
0000d9e2   __mspabi_slli_10
0000d9e0   __mspabi_slli_11
0000d9de   __mspabi_slli_12
0000d9dc   __mspabi_slli_13
0000d9da   __mspabi_slli_14
0000d9d8   __mspabi_slli_15
0000d9f2   __mspabi_slli_2
0000d9f0   __mspabi_slli_3
0000d9ee   __mspabi_slli_4
0000d9ec   __mspabi_slli_5
0000d9ea   __mspabi_slli_6
0000d9e8   __mspabi_slli_7
0000d9e6   __mspabi_slli_8
0000d9e4   __mspabi_slli_9
0000d772   _auto_init
0000db76   _c_int00
0000db76   _c_int00_noexit
0000fffe   _reset_vector
000003b0   _stack
0000dc42   _system_pre_init
0000dc46   abort
0000dc06   absu
00000258   avg10x
0000025a   avg10y
0000025c   avg10z
0000020a   bai
ffffffff   binit
00000261   buf_full
0000025e   clock
00000260   clock_flag
0000d54e   countS2
0000dc26   d
0000026e   digi
0000020e   dis_data
00000208   ge
0000d932   init_devices
0000c000   main
0000dbf4   memcpy
0000db5a   port_init
0000020b   qian
00000262   set_flag
0000d96c   setxyz0
00000209   shi
0000026c   state
0000026d   steady_flag
0000dbce   timer0_init
0000da22   uart_init
0000020c   wan
00000216   x10buf
00000210   xyz00
0000022a   y10buf
0000023e   z10buf


GLOBAL SYMBOLS: SORTED BY Symbol Address 

address    name
--------   ----
00000000   IE1
00000001   IE2
00000001   __TI_args_main
00000001   __TI_exit
00000002   IFG1
00000003   IFG2
00000010   P3REN
00000018   P3IN
00000019   P3OUT
0000001a   P3DIR
0000001b   P3SEL
00000020   P1IN
00000021   P1OUT
00000022   P1DIR
00000023   P1IFG
00000024   P1IES
00000025   P1IE
00000026   P1SEL
00000027   P1REN
00000028   P2IN
00000029   P2OUT
0000002a   P2DIR
0000002b   P2IFG
0000002c   P2IES
0000002d   P2IE
0000002e   P2SEL
0000002f   P2REN
00000041   P1SEL2
00000042   P2SEL2
00000043   P3SEL2
00000048   ADC10DTC0
00000049   ADC10DTC1
0000004a   ADC10AE0
00000050   __STACK_SIZE
00000053   BCSCTL3
00000056   DCOCTL
00000057   BCSCTL1
00000058   BCSCTL2
00000059   CACTL1
0000005a   CACTL2
0000005b   CAPD
0000005d   UCA0ABCTL
0000005e   UCA0IRTCTL
0000005f   UCA0IRRCTL
00000060   UCA0CTL0
00000061   UCA0CTL1
00000062   UCA0BR0
00000063   UCA0BR1
00000064   UCA0MCTL
00000065   UCA0STAT
00000066   UCA0RXBUF
00000067   UCA0TXBUF
00000068   UCB0CTL0
00000069   UCB0CTL1
0000006a   UCB0BR0
0000006b   UCB0BR1
0000006c   UCB0I2CIE
0000006d   UCB0STAT
0000006e   UCB0RXBUF
0000006f   UCB0TXBUF
00000118   UCB0I2COA
0000011a   UCB0I2CSA
0000011e   TA1IV
00000120   WDTCTL
00000128   FCTL1
0000012a   FCTL2
0000012c   FCTL3
0000012e   TA0IV
00000160   TA0CTL
00000162   TA0CCTL0
00000164   TA0CCTL1
00000166   TA0CCTL2
00000170   TA0R
00000172   TA0CCR0
00000174   TA0CCR1
00000176   TA0CCR2
00000180   TA1CTL
00000182   TA1CCTL0
00000184   TA1CCTL1
00000186   TA1CCTL2
00000190   TA1R
00000192   TA1CCR0
00000194   TA1CCR1
00000196   TA1CCR2
000001b0   ADC10CTL0
000001b2   ADC10CTL1
000001b4   ADC10MEM
000001bc   ADC10SA
00000200   BUF
00000208   ge
00000209   shi
0000020a   bai
0000020b   qian
0000020c   wan
0000020e   dis_data
00000210   xyz00
00000216   x10buf
0000022a   y10buf
0000023e   z10buf
00000252   S2xyz
00000258   avg10x
0000025a   avg10y
0000025c   avg10z
0000025e   clock
00000260   clock_flag
00000261   buf_full
00000262   set_flag
00000264   S2
00000266   G0
00000268   S0
0000026a   V_T
0000026c   state
0000026d   steady_flag
0000026e   digi
000003b0   _stack
00000400   __STACK_END
000010f8   CALDCO_16MHZ
000010f9   CALBC1_16MHZ
000010fa   CALDCO_12MHZ
000010fb   CALBC1_12MHZ
000010fc   CALDCO_8MHZ
000010fd   CALBC1_8MHZ
000010fe   CALDCO_1MHZ
000010ff   CALBC1_1MHZ
0000c000   main
0000d54e   countS2
0000d6b6   Multiple_Read_HMC5883
0000d772   _auto_init
0000d7d0   __mspabi_divul
0000d7d0   __mspabi_remul
0000d828   HMC5883_RecvByte
0000d86e   HMC5883_SendByte
0000d8b0   Set_G_S
0000d8f2   __mspabi_divli
0000d8f2   __mspabi_remli
0000d932   init_devices
0000d96c   setxyz0
0000d9a0   __mspabi_divi
0000d9a0   __mspabi_remi
0000d9cc   __mspabi_slli
0000d9d8   __mspabi_slli_15
0000d9da   __mspabi_slli_14
0000d9dc   __mspabi_slli_13
0000d9de   __mspabi_slli_12
0000d9e0   __mspabi_slli_11
0000d9e2   __mspabi_slli_10
0000d9e4   __mspabi_slli_9
0000d9e6   __mspabi_slli_8
0000d9e8   __mspabi_slli_7
0000d9ea   __mspabi_slli_6
0000d9ec   __mspabi_slli_5
0000d9ee   __mspabi_slli_4
0000d9f0   __mspabi_slli_3
0000d9f2   __mspabi_slli_2
0000d9f4   __mspabi_slli_1
0000d9f8   HMC5883_RecvACK
0000da22   uart_init
0000da4c   HMC5883_Start
0000da74   Init_state
0000da9a   HMC5883_SendACK0
0000dabc   HMC5883_SendACK1
0000dade   HMC5883_Stop
0000db00   Single_Write_HMC5883
0000db20   Init_HMC5883
0000db3e   Timer0_A0
0000db5a   port_init
0000db76   _c_int00
0000db76   _c_int00_noexit
0000db90   __mspabi_divu
0000db90   __mspabi_remu
0000dba6   __TI_zero_init
0000dbba   __mspabi_mpyi
0000dbce   timer0_init
0000dbe2   __TI_decompress_none
0000dbf4   memcpy
0000dc06   absu
0000dc16   __mspabi_func_epilog_7
0000dc18   __mspabi_func_epilog_6
0000dc1a   __mspabi_func_epilog_5
0000dc1c   __mspabi_func_epilog_4
0000dc1e   __mspabi_func_epilog_3
0000dc20   __mspabi_func_epilog_2
0000dc22   __mspabi_func_epilog_1
0000dc26   d
0000dc34   Delay5us
0000dc3c   __TI_decompress_rle24
0000dc42   _system_pre_init
0000dc46   C$$EXIT
0000dc46   abort
0000dc58   __TI_Handler_Table_Base
0000dc5e   __TI_Handler_Table_Limit
0000dc62   __TI_CINIT_Base
0000dc6a   __TI_CINIT_Limit
0000fffe   _reset_vector
ffffffff   __binit__
ffffffff   __c_args__
ffffffff   binit
UNDEFED    __TI_INITARRAY_Base
UNDEFED    __TI_INITARRAY_Limit

[199 symbols]
